
 300 enregistement a : 11:59 le 16 / 12 
1 160 16 16 160 16 160 16 160 16 160 16 160 16 65 90 69 20 20 13 160 16 13 160 16 160 16 160 16 160 16 160 16 160 16 160 16 160 16 160 16 160 16 160 16 160 16 160 16 160 16 160 16 160 16 160 16 160 16 160 16 160 16 160 16 160 16 160 16 160 16 160 16 160 16 160 16 160 16 160 16 160 16 160 16 160 16 160 16 160 13 16 160 49 50 51 52 13 49 50 51 52 
 300 enregistement a : 12:00 le 16 / 12 

 300 enregistement a : 21:26 le 16 / 12 
1 18 164 9 9 9 9 9 1 1 18 164 1 
 300 enregistement a : 21:27 le 16 / 12 
1 1 1 1 1 
 300 enregistement a : 21:28 le 16 / 12 
1 1 1 1 1 1 1 1 
 300 enregistement a : 21:28 le 16 / 12 
1 2 1 1 162 17 162 17 162 17 17 162 162 17 17 162 1 17 162 17 162 17 162 17 162 17 162 17 162 17 162 17 162 17 162 162 17 162 17 17 162 162 17 162 17 17 162 17 162 17 162 17 162 162 17 17 162 17 162 162 17 162 17 162 17 162 17 17 162 17 162 17 
 300 enregistement a : 21:29 le 16 / 12 
1 1 1 1 8 97 97 56 97 8 8 8 56 97 162 17 83 1 1 1 1 
 300 enregistement a : 21:29 le 16 / 12 
1 1 17 162 67 4 4 4 2 18 164 1 1 1 13 2 1 1 
 300 enregistement a : 21:30 le 16 / 12 
91 69 1 1 1 1 1 1 1 1 1 162 17 67 164 18 9 164 18 9 9 164 18 9 164 18 9 9 164 18 9 9 9 
 300 enregistement a : 21:31 le 16 / 12 
38 40 13 1 1 
 300 enregistement a : 21:35 le 16 / 12 
1 1 1 1 1 4 4 4 4 4 4 4 1 
 300 enregistement a : 21:36 le 16 / 12 
1 1 1 1 1 1 1 1 79 85 32 83 79 78 84 32 76 69 83 32 70 73 67 8 67 72 73 69 82 32 68 69 32 67 79 78 78 69 88 
 300 enregistement a : 21:36 le 16 / 12 
73 79 78 32 70 73 82 69 70 79 88 13 91 68 1 1 18 164 9 18 164 9 161 16 9 161 16 9 9 1 1 1 1 
 300 enregistement a : 21:37 le 16 / 12 
1 1 1 1 1 17 162 67 91 91 91 91 91 91 91 82 162 17 86 13 1 2 1 1 1 1 1 1 1 1 
 300 enregistement a : 21:37 le 16 / 12 
1 1 1 1 1 1 1 1 1 1 
 300 enregistement a : 21:38 le 16 / 12 
1 1 1 1 18 164 1 2 2 1 1 164 18 2 1 1 1 1 1 1 1 
 300 enregistement a : 21:38 le 16 / 12 
1 1 1 91 69 1 1 
 300 enregistement a : 21:39 le 16 / 12 
1 
 300 enregistement a : 21:40 le 16 / 12 

 300 enregistement a : 21:40 le 16 / 12 
1 
 300 enregistement a : 21:41 le 16 / 12 
1 1 1 
 300 enregistement a : 21:41 le 16 / 12 
1 1 1 1 1 1 1 1 1 1 
 300 enregistement a : 21:42 le 16 / 12 

 300 enregistement a : 21:43 le 16 / 12 

 300 enregistement a : 21:43 le 16 / 12 

 300 enregistement a : 21:44 le 16 / 12 

 300 enregistement a : 21:44 le 16 / 12 

 300 enregistement a : 21:45 le 16 / 12 

 300 enregistement a : 21:45 le 16 / 12 

 300 enregistement a : 21:46 le 16 / 12 

 300 enregistement a : 21:46 le 16 / 12 

 300 enregistement a : 21:47 le 16 / 12 
1 1 
 300 enregistement a : 21:47 le 16 / 12 
1 1 1 1 1 1 1 1 1 1 1 1 87 73 78 68 79 87 83 
 300 enregistement a : 21:48 le 16 / 12 
32 16 161 161 16 161 16 16 161 55 32 73 83 79 13 1 1 1 1 1 1 1 
 300 enregistement a : 21:48 le 16 / 12 
1 1 1 1 1 1 1 
 300 enregistement a : 21:49 le 16 / 12 
1 1 1 1 1 1 1 1 1 
 300 enregistement a : 21:50 le 16 / 12 
1 1 1 1 1 1 
 300 enregistement a : 21:50 le 16 / 12 
1 1 1 1 68 69 84 69 67 84 69 82 32 76 69 32 78 65 86 73 71 65 84 69 85 82 32 80 65 82 32 68 69 70 65 85 84 32 67 13 186 
 300 enregistement a : 21:51 le 16 / 12 
1 1 
 300 enregistement a : 21:51 le 16 / 12 
1 76 73 71 69 78 32 68 69 32 8 1 1 
 300 enregistement a : 21:52 le 16 / 12 
1 
 300 enregistement a : 21:52 le 16 / 12 

 300 enregistement a : 21:53 le 16 / 12 
1 1 1 1 1 1 1 1 67 79 78 78 65 73 84 82 69 13 1 
 300 enregistement a : 21:53 le 16 / 12 
1 1 
 300 enregistement a : 21:54 le 16 / 12 
4 1 162 17 67 91 82 82 69 71 69 68 73 84 13 
 300 enregistement a : 21:55 le 16 / 12 

 300 enregistement a : 21:55 le 16 / 12 

 300 enregistement a : 21:56 le 16 / 12 
80 82 79 71 77 65 8 8 8 71 65 13 13 13 13 13 13 13 13 13 13 13 13 162 17 164 18 164 18 115 1 1 1 1 
 300 enregistement a : 21:57 le 16 / 12 
69 68 8 68 71 8 8 71 69 70 76 69 67 84 79 13 1 82 13 1 1 1 1 1 
 300 enregistement a : 21:57 le 16 / 12 
1 1 1 1 1 1 1 1 66 73 78 71 84 79 40 32 40 13 1 
 300 enregistement a : 21:58 le 16 / 12 
1 1 1 1 91 84 69 83 84 13 164 18 115 91 84 69 83 68 70 68 13 1 1 1 91 80 82 79 71 82 65 77 77 69 32 65 8 80 65 82 32 68 69 70 65 85 84 32 82 69 71 69 
 300 enregistement a : 21:58 le 16 / 12 
68 73 84 13 1 1 1 1 82 69 1 
 300 enregistement a : 21:59 le 16 / 12 
1 
 300 enregistement a : 22:00 le 16 / 12 
1 1 1 
 300 enregistement a : 22:00 le 16 / 12 

 300 enregistement a : 22:01 le 16 / 12 
1 1 
 300 enregistement a : 22:01 le 16 / 12 

 300 enregistement a : 22:02 le 16 / 12 

 300 enregistement a : 22:03 le 16 / 12 

 300 enregistement a : 22:04 le 16 / 12 

 300 calc.exe
 

 300 enregistement a : 22:04 le 16 / 12 
1 1 